[turnerdairy.net/index.html]
[backblue.gif]
[fade.gif]
[index.html]
[turnerdairy.net/wp-includes/css/dist/block-library/style.min5b21.css]
[turnerdairy.net/wp-content/plugins/woocommerce/packages/woocommerce-blocks/build/vendors-styleaf6c.css]
[turnerdairy.net/wp-content/plugins/woocommerce/packages/woocommerce-blocks/build/styleaf6c.css]
[turnerdairy.net/wp-content/plugins/contact-form-7/includes/css/styles38c6.css]
[turnerdairy.net/wp-content/plugins/multiline-files-for-contact-form-7/css/style23fc.css]
[turnerdairy.net/wp-content/plugins/woocommerce/assets/css/woocommerce-layout125b.css]
[turnerdairy.net/wp-content/plugins/woocommerce/assets/css/woocommerce-smallscreen125b.css]
[turnerdairy.net/wp-content/plugins/woocommerce/assets/css/woocommerce125b.css]
[turnerdairy.net/wp-content/themes/turners-dairy/style5b21.css]
[turnerdairy.net/wp-content/plugins/woocommerce-product-bundles/assets/css/frontend/woocommercea4b3.css]
[ajax.googleapis.com/ajax/libs/jquery/1.11.2/jquery.min.js]
[turnerdairy.net/wp-content/plugins/multiline-files-for-contact-form-7/js/zl-multine-files5b21.js]
[turnerdairy.net/wp-json/wp/v2/pages/5.json]
[turnerdairy.net/wp-json/index.html]
[turnerdairy.net/xmlrpc0db0.php]
[turnerdairy.net/wp-includes/wlwmanifest.xml]
[turnerdairy.net/wp-json/oembed/1.0/embed3e18.json]
[turnerdairy.net/wp-json/oembed/1.0/embed0a95]
[use.typekit.net/koe2bce.css]
[connect.facebook.net/en_US/fbevents.js]
[turnerdairy.net/wp-content/uploads/2019/06/logo.svg]
[turnerdairy.net/the-shop/index.html]
[turnerdairy.net/wp-content/uploads/2019/06/hero-milk-1.png]
[turnerdairy.net/careers/index.html]
[turnerdairy.net/wp-content/themes/turners-dairy/assets/images/pa_seal.svg]
[turnerdairy.net/wp-content/uploads/2019/06/hero-tea-1.png]
[turnerdairy.net/wp-content/themes/turners-dairy/assets/images/more.svg]
[turnerdairy.net/wp-content/uploads/2019/06/tea-carton.png]
[turnerdairy.net/wp-content/uploads/2019/06/diettea-carton.png]
[turnerdairy.net/wp-content/uploads/2019/06/lemonde-carton.png]
[turnerdairy.net/wp-content/uploads/2019/06/blackgold_quart.png]
[turnerdairy.net/wp-content/uploads/2019/06/raspberry_half.png]
[turnerdairy.net/wp-content/uploads/2019/06/peach_pint.png]
[turnerdairy.net/wp-content/uploads/2019/06/quart_sweet.png]
[turnerdairy.net/wp-content/uploads/2019/06/green_halfgal.png]
[turnerdairy.net/wp-content/themes/turners-dairy/assets/featured-banner.svg]
[turnerdairy.net/wp-content/uploads/2022/10/RV-Mapple-Milk_web_.png]
[turnerdairy.net/wp-content/uploads/2021/05/2_LactoseFree_Hgl_2020.png]
[turnerdairy.net/wp-content/uploads/2020/07/Brewhaha-web-feature.png]
[turnerdairy.net/wp-content/uploads/2020/04/Turners_2019_CottageCheese_AppleCinn.png]
[turnerdairy.net/wp-content/uploads/2019/06/chocolate_half.png]
[turnerdairy.net/wp-content/uploads/2019/06/whole_gallon.png]
[turnerdairy.net/wp-content/uploads/2019/06/2_gallon.png]
[turnerdairy.net/wp-content/uploads/2019/06/1chocolate_gallon.png]
[turnerdairy.net/wp-content/uploads/2019/06/DairySmart_Hgl_2020.png]
[turnerdairy.net/wp-content/uploads/2019/06/skim-gallon.png]
[turnerdairy.net/wp-content/uploads/2019/06/vanilla_carton-1.png]
[turnerdairy.net/wp-content/uploads/2019/06/ffstraw_carton.png]
[turnerdairy.net/wp-content/uploads/2019/06/buttermilk-half.png]
[turnerdairy.net/wp-content/uploads/2019/06/buttermilk_half.png]
[turnerdairy.net/wp-content/uploads/2019/06/halfpast_quart.png]
[turnerdairy.net/wp-content/uploads/2019/06/heavywhipping_quart.png]
[turnerdairy.net/wp-content/uploads/2019/06/16oz-Sour-Cream.png]
[turnerdairy.net/wp-content/uploads/2019/06/16oz-Classic-Cottage-Cheese.png]
[turnerdairy.net/wp-content/uploads/2019/06/16oz-LF-Cottage-Cheese.png]
[turnerdairy.net/wp-content/uploads/2019/06/12oz-French-Onion-Dip.png]
[turnerdairy.net/wp-content/themes/turners-dairy/assets/images/ltd-logo.svg]
[turnerdairy.net/wp-content/uploads/2022/06/Turners50th23-scaled.jpg]
[turnerdairy.net/contest/index.html]
[turnerdairy.net/wp-content/themes/turners-dairy/assets/images/fueledby_logo.png]
[turnerdairy.net/wp-content/themes/turners-dairy/assets/images/arrow-blue-l.svg]
[turnerdairy.net/wp-content/themes/turners-dairy/assets/images/arrow-blue-r.svg]
[turnerdairy.net/wp-content/uploads/2021/12/brownie-batter-11-scaled.jpg]
[turnerdairy.net/wp-content/uploads/2021/10/DSC_1425-scaled.jpg]
[turnerdairy.net/wp-content/uploads/2019/12/IMG_5528.jpg]
[turnerdairy.net/brownie-batter-inception-brownies/index.html]
[turnerdairy.net/wp-content/uploads/2020/07/IMG_3700.jpg]
[turnerdairy.net/perfect-pumpkin-pie/index.html]
[turnerdairy.net/wp-content/uploads/2020/07/20200619_170729133_iOS.jpg]
[turnerdairy.net/eggnog-pancakes/index.html]
[turnerdairy.net/wp-content/uploads/2020/07/IMG_3544-e1594691204443.jpg]
[turnerdairy.net/easy-spinach-and-sausage-quiche/index.html]
[turnerdairy.net/wp-content/uploads/2020/07/IMG_3665.jpg]
[turnerdairy.net/wp-content/uploads/2020/06/IMG_3472-3.jpg]
[turnerdairy.net/loaded-baked-potato-soup/index.html]
[turnerdairy.net/buttermilk-blueberry-muffins/index.html]
[turnerdairy.net/wp-content/uploads/2020/05/20200521_104507036_iOS-2-1-scaled.jpg]
[turnerdairy.net/buttermilk-country-fried-chicken/index.html]
[turnerdairy.net/wp-content/uploads/2020/04/IMG_4718.jpg]
[turnerdairy.net/wp-content/uploads/2020/03/IMG_5857.jpg]
[turnerdairy.net/chocolate-peanut-butter-banana-bread/index.html]
[turnerdairy.net/fresh-ricotta/index.html]
[turnerdairy.net/wp-content/uploads/2020/03/IMG_4775-2.jpg]
[turnerdairy.net/mama-ts-pasta-sauce/index.html]
[turnerdairy.net/wp-content/uploads/2020/02/IMG_4739.jpg]
[turnerdairy.net/buttermilk-banana-waffles/index.html]
[turnerdairy.net/wp-content/uploads/2019/11/IMG_4935-4.jpg]
[turnerdairy.net/creamy-chicken-soup/index.html]
[turnerdairy.net/wp-content/uploads/2019/11/IMG_3159-2.jpg]
[turnerdairy.net/chocolate-strawberry-truffles/index.html]
[turnerdairy.net/wp-content/uploads/2019/10/IMG_4510-2.jpg]
[turnerdairy.net/chicken-pot-pie/index.html]
[turnerdairy.net/wp-content/uploads/2019/10/IMG_3139-2.jpg]
[turnerdairy.net/homemade-donuts/index.html]
[turnerdairy.net/wp-content/uploads/2019/09/IMG_9928.jpg]
[turnerdairy.net/maple-sausage-gravy-and-buttermilk-biscuits/index.html]
[turnerdairy.net/wp-content/uploads/2019/08/cupcake_w_logo.png]
[turnerdairy.net/udderly-toasted-milk-stout-brownies/index.html]
[turnerdairy.net/yinz-pierogies/index.html]
[turnerdairy.net/wp-content/uploads/2019/06/quiche-e1560530688290.jpg]
[turnerdairy.net/iced-tea-lemonade-cupcakes/index.html]
[turnerdairy.net/wp-content/uploads/2019/06/IMG_0398-2.jpg]
[turnerdairy.net/wp-content/uploads/2019/06/Buttermilk-Banana-Bread-1.jpg]
[turnerdairy.net/quiche/index.html]
[turnerdairy.net/wp-content/themes/turners-dairy/assets/images/cow.svg]
[turnerdairy.net/tias-apple-cinnamon-pancakes/index.html]
[turnerdairy.net/wp-content/themes/turners-dairy/assets/images/tealarrow-l.svg]
[turnerdairy.net/buttermilk-banana-bread/index.html]
[turnerdairy.net/wp-content/themes/turners-dairy/assets/images/tealarrow-r.svg]
[turnerdairy.net/wp-content/themes/turners-dairy/assets/images/banner-top.svg]
[turnerdairy.net/wp-content/uploads/2020/04/LA-Gold.png]
[turnerdairy.net/wp-content/themes/turners-dairy/assets/images/banner-tip.svg]
[turnerdairy.net/wp-content/uploads/2020/04/LA-Silver.png]
[turnerdairy.net/wp-content/uploads/2020/04/LA-Bronze.png]
[turnerdairy.net/wp-content/themes/turners-dairy/assets/images/farm.png]
[turnerdairy.net/wp-content/uploads/2019/06/farm_to_bottle.svg]
[turnerdairy.net/wp-content/themes/turners-dairy/assets/images/play.svg]
[turnerdairy.net/wp-content/uploads/2019/06/turners-homepage-video-reel-1.webm]
[turnerdairy.net/wp-content/uploads/2019/06/video-placeholder.jpg]
[turnerdairy.net/wp-content/themes/turners-dairy/assets/images/farm-icon-white.svg]
[turnerdairy.net/wp-content/themes/turners-dairy/assets/images/left_chevron.svg]
[turnerdairy.net/wp-content/themes/turners-dairy/assets/images/right_chevron.svg]
[turnerdairy.net/wp-content/uploads/2019/06/pleasant-lane-p2-23.jpg]
[turnerdairy.net/wp-content/uploads/2019/06/pleasant-lane-p2-21.jpg]
[turnerdairy.net/wp-content/uploads/2019/06/pleasant-lane-p2-20.jpg]
[turnerdairy.net/wp-content/uploads/2019/06/pleasant-lane-p2-19.jpg]
[turnerdairy.net/wp-content/uploads/2019/06/pleasant-lane-p2-14.jpg]
[turnerdairy.net/wp-content/uploads/2019/06/pleasant-lane-p2-6.jpg]
[turnerdairy.net/wp-content/uploads/2019/06/pleasant-lane-p2-13.jpg]
[turnerdairy.net/wp-content/uploads/2019/06/pleasant-lane-p2-2.jpg]
[turnerdairy.net/wp-content/themes/turners-dairy/assets/images/red-arrow.svg]
[turnerdairy.net/wp-content/uploads/2019/06/hopeway-farm63.jpg]
[turnerdairy.net/wp-content/uploads/2019/06/hopeway-farm45.jpg]
[turnerdairy.net/family-farms/pleasant-lane-farms/index.html]
[turnerdairy.net/wp-content/uploads/2019/06/hopeway-farm42.jpg]
[turnerdairy.net/wp-content/uploads/2019/06/hopeway-farm27.jpg]
[turnerdairy.net/wp-content/uploads/2019/06/hopeway-farm17.jpg]
[turnerdairy.net/wp-content/uploads/2019/06/hopeway-farm9.jpg]
[turnerdairy.net/wp-content/uploads/2019/06/hopeway-farm28.jpg]
[turnerdairy.net/wp-content/uploads/2019/06/carr-family6.jpg]
[turnerdairy.net/family-farms/hopeway-dairy/index.html]
[turnerdairy.net/wp-content/uploads/2019/06/carr-family24.jpg]
[turnerdairy.net/wp-content/uploads/2019/06/carr-family39.jpg]
[turnerdairy.net/wp-content/uploads/2019/06/carr-family42.jpg]
[turnerdairy.net/wp-content/uploads/2019/06/carr-family25.jpg]
[turnerdairy.net/wp-content/uploads/2019/06/carr-family14.jpg]
[turnerdairy.net/wp-content/uploads/2019/06/carr-family5.jpg]
[turnerdairy.net/wp-content/uploads/2019/06/beiler-farms2.jpg]
[turnerdairy.net/wp-content/uploads/2019/06/beiler-farms6.jpg]
[turnerdairy.net/family-farms/lone-oak-farms/index.html]
[turnerdairy.net/wp-content/uploads/2019/06/beiler-farms8.jpg]
[turnerdairy.net/wp-content/uploads/2019/06/beiler-farms21.jpg]
[turnerdairy.net/wp-content/uploads/2019/06/beiler-farms46.jpg]
[turnerdairy.net/wp-content/uploads/2019/06/beiler-farms50.jpg]
[turnerdairy.net/wp-content/uploads/2019/06/standard-1.jpg]
[turnerdairy.net/family-farms/beiler-family-dairy-farm/index.html]
[turnerdairy.net/wp-content/uploads/2019/06/standard-2.jpg]
[turnerdairy.net/wp-content/uploads/2019/06/higher_standard.svg]
[turnerdairy.net/wp-content/uploads/2022/04/IMG_5574.jpg]
[turnerdairy.net/wp-content/uploads/2022/04/Brookside-Dairy-Infographic-Landscape-Banner-2000-×-800-px.png]
[turnerdairy.net/wp-content/uploads/2022/01/cartoncontest.png]
[turnerdairy.net/wp-content/uploads/2021/09/TDF-Gold-Medal.jpg]
[turnerdairy.net/wp-content/uploads/2020/06/pano2.jpg]
[turnerdairy.net/wp-content/uploads/2020/05/Jennifer-Frye-Pleasant-Lane.jpg]
[turnerdairy.net/wp-content/uploads/2020/04/Charlie-Guernsey-40s.jpg]
[turnerdairy.net/wp-content/uploads/2020/04/Turners_Farm_Landscape-scaled.jpg]
[turnerdairy.net/wp-content/uploads/2020/03/Turners-Half-Pint-scaled.jpg]
[turnerdairy.net/wp-content/uploads/2020/04/Slides-006.jpg]
[turnerdairy.net/wp-content/uploads/2020/03/Untitled_Panorama-1-1.jpg]
[turnerdairy.net/wp-content/uploads/2020/01/T-logo-90th.png]
[turnerdairy.net/wp-content/uploads/2019/06/turners-awards-20194.jpg]
[turnerdairy.net/wp-content/uploads/2019/06/turners-NEW-LOOK.jpg]
[turnerdairy.net/reusable-crates/index.html]
[turnerdairy.net/turners-shelf-life-extension/index.html]
[turnerdairy.net/sustainability-at-turners/index.html]
[turnerdairy.net/wp-content/uploads/2019/06/footer-logo.svg]
[turnerdairy.net/pittsburghs-favorite-iced-tea/index.html]
[turnerdairy.net/national-dairy-month/index.html]
[turnerdairy.net/the-story-of-charlie-g-turner/index.html]
[turnerdairy.net/wp-content/uploads/2019/06/facebook.svg]
[turnerdairy.net/coloring-sheet-turners-farm/index.html]
[turnerdairy.net/coloring-sheet-turners-half-pint/index.html]
[turnerdairy.net/team-members-work-makes-the-dream-work/index.html]
[turnerdairy.net/decades-of-milk-packaging/index.html]
[turnerdairy.net/wp-content/uploads/2020/10/instagram-icon2.svg]
[turnerdairy.net/90th-anniv/index.html]
[turnerdairy.net/turner-dairy-earns-top-dairy-awards/index.html]
[turnerdairy.net/new-look-same-turners/index.html]
[turnerdairy.net/wp-content/uploads/2019/06/twitter.svg]
[turnerdairy.net/wp-content/uploads/2020/11/tiktok-svg.svg]
[cdn.jsdelivr.net/npm/slick-carousel@1.8.1/slick/slick.css]
[cdn.jsdelivr.net/npm/slick-carousel@1.8.1/slick/slick.min.js]
[turnersdairy.staging.wpengine.com/wp-content/themes/turners-dairy/scripts/quantity-update-ajax.9c.delayed]
[chimpstatic.com/mcjs-connected/js/users/def90925f39005953a3905e4b/ed55133589801024bbab9a219.js]
[turnerdairy.net/wp-content/plugins/contact-form-7/includes/js/scripts38c6.js]
[turnerdairy.net/wp-content/plugins/woocommerce/assets/js/jquery-blockui/jquery.blockUI.min44fd.js]
[turnerdairy.net/wp-content/plugins/woocommerce/assets/js/frontend/add-to-cart.min125b.js]
[turnerdairy.net/wp-content/plugins/woocommerce/assets/js/js-cookie/js.cookie.min6b25.js]
[turnerdairy.net/wp-content/plugins/woocommerce/assets/js/frontend/woocommerce.min125b.js]
[turnerdairy.net/wp-content/plugins/woocommerce/assets/js/frontend/cart-fragments.min125b.js]
[turnerdairy.net/wp-content/plugins/mailchimp-for-woocommerce/public/js/mailchimp-woocommerce-public.min8d5a.js]
[www.google.com/recaptcha/apidba9.js]
[jelly.mdhv.io/v1/stara354.gif]
[turnerdairy.net/index.html]
[turnerdairy.net/wp-includes/css/dist/block-library/style.min5b21.css]
[turnerdairy.net/wp-content/plugins/woocommerce/packages/woocommerce-blocks/build/vendors-styleaf6c.css]
[turnerdairy.net/wp-content/plugins/woocommerce/packages/woocommerce-blocks/build/styleaf6c.css]
[turnerdairy.net/wp-content/plugins/contact-form-7/images/ajax-loader.gif]
[turnerdairy.net/wp-content/plugins/contact-form-7/includes/css/styles38c6.css]
[turnerdairy.net/wp-content/plugins/multiline-files-for-contact-form-7/css/style23fc.css]
[turnerdairy.net/wp-content/plugins/woocommerce/assets/css/woocommerce-layout125b.css]
[turnerdairy.net/wp-content/plugins/woocommerce/assets/css/woocommerce-smallscreen125b.css]
[turnerdairy.net/wp-content/plugins/woocommerce/assets/fonts/star.eot]
[turnerdairy.net/wp-content/plugins/woocommerce/assets/fonts/stard41d.eot]
[turnerdairy.net/wp-content/plugins/woocommerce/assets/fonts/star.woff]
[turnerdairy.net/wp-content/plugins/woocommerce/assets/fonts/star.ttf]
[turnerdairy.net/wp-content/plugins/woocommerce/assets/fonts/star.svg]
[turnerdairy.net/wp-content/plugins/woocommerce/assets/fonts/WooCommerce.eot]
[turnerdairy.net/wp-content/plugins/woocommerce/assets/fonts/WooCommerced41d.eot]
[turnerdairy.net/wp-content/plugins/woocommerce/assets/fonts/WooCommerce.woff]
[turnerdairy.net/wp-content/plugins/woocommerce/assets/fonts/WooCommerce.ttf]
[turnerdairy.net/wp-content/plugins/woocommerce/assets/fonts/WooCommerce.svg]
[turnerdairy.net/wp-content/plugins/woocommerce/assets/images/icons/credit-cards/visa.svg]
[turnerdairy.net/wp-content/plugins/woocommerce/assets/images/icons/credit-cards/mastercard.svg]
[turnerdairy.net/wp-content/plugins/woocommerce/assets/images/icons/credit-cards/laser.svg]
[turnerdairy.net/wp-content/plugins/woocommerce/assets/images/icons/credit-cards/diners.svg]
[turnerdairy.net/wp-content/plugins/woocommerce/assets/images/icons/credit-cards/maestro.svg]
[turnerdairy.net/wp-content/plugins/woocommerce/assets/images/icons/credit-cards/jcb.svg]
[turnerdairy.net/wp-content/plugins/woocommerce/assets/images/icons/credit-cards/amex.svg]
[turnerdairy.net/wp-content/plugins/woocommerce/assets/css/woocommerce125b.css]
[turnerdairy.net/wp-content/plugins/woocommerce/assets/images/icons/credit-cards/discover.svg]
[turnerdairy.net/wp-content/themes/turners-dairy/fonts/Sentinel-Medium.woff2]
[turnerdairy.net/wp-content/themes/turners-dairy/fonts/Sentinel-Medium.woff]
[turnerdairy.net/wp-content/themes/turners-dairy/fonts/Sentinel-Medium.ttf]
[turnerdairy.net/wp-content/themes/turners-dairy/fonts/Sentinel-Medium.svg]
[turnerdairy.net/wp-content/themes/turners-dairy/fonts/Sentinel-SemiboldItalic.woff2]
[turnerdairy.net/wp-content/themes/turners-dairy/fonts/Sentinel-SemiboldItalic.woff]
[turnerdairy.net/wp-content/themes/turners-dairy/fonts/Sentinel-SemiboldItalic.ttf]
[turnerdairy.net/wp-content/themes/turners-dairy/fonts/Sentinel-SemiboldItalic.svg]
[turnerdairy.net/wp-content/themes/turners-dairy/fonts/MorrisSansStd-HeavyCond.woff2]
[turnerdairy.net/wp-content/themes/turners-dairy/fonts/MorrisSansStd-HeavyCond.woff]
[turnerdairy.net/wp-content/themes/turners-dairy/fonts/MorrisSansStd-HeavyCond.ttf]
[turnerdairy.net/wp-content/themes/turners-dairy/fonts/Sentinel-BookItalic.woff2]
[turnerdairy.net/wp-content/themes/turners-dairy/fonts/MorrisSansStd-HeavyCond.svg]
[turnerdairy.net/wp-content/themes/turners-dairy/fonts/Sentinel-BookItalic.woff]
[turnerdairy.net/wp-content/themes/turners-dairy/fonts/Sentinel-BookItalic.ttf]
[turnerdairy.net/wp-content/themes/turners-dairy/fonts/Sentinel-BookItalic.svg]
[turnerdairy.net/wp-content/themes/turners-dairy/fonts/Sentinel-Book.woff2]
[turnerdairy.net/wp-content/themes/turners-dairy/fonts/Sentinel-Book.woff]
[turnerdairy.net/wp-content/themes/turners-dairy/fonts/Sentinel-Book.ttf]
[turnerdairy.net/wp-content/themes/turners-dairy/fonts/Sentinel-BoldItalic.woff2]
[turnerdairy.net/wp-content/themes/turners-dairy/fonts/Sentinel-Book.svg]
[turnerdairy.net/wp-content/themes/turners-dairy/fonts/Sentinel-BoldItalic.woff]
[turnerdairy.net/wp-content/themes/turners-dairy/fonts/Sentinel-BoldItalic.ttf]
[turnerdairy.net/wp-content/themes/turners-dairy/fonts/Sentinel-BoldItalic.svg]
[turnerdairy.net/wp-content/themes/turners-dairy/fonts/Sentinel-Semibold.woff2]
[turnerdairy.net/wp-content/themes/turners-dairy/fonts/Sentinel-Semibold.woff]
[turnerdairy.net/wp-content/themes/turners-dairy/fonts/Sentinel-Semibold.ttf]
[turnerdairy.net/wp-content/themes/turners-dairy/fonts/Sentinel-Semibold.svg]
[turnerdairy.net/wp-content/themes/turners-dairy/fonts/Sentinel-Black.woff2]
[turnerdairy.net/wp-content/themes/turners-dairy/fonts/Sentinel-Black.woff]
[turnerdairy.net/wp-content/themes/turners-dairy/fonts/Sentinel-Black.ttf]
[turnerdairy.net/wp-content/themes/turners-dairy/fonts/Sentinel-Black.svg]
[turnerdairy.net/wp-content/themes/turners-dairy/fonts/Sentinel-LightItalic.woff2]
[turnerdairy.net/wp-content/themes/turners-dairy/fonts/Sentinel-LightItalic.woff]
[turnerdairy.net/wp-content/themes/turners-dairy/fonts/Sentinel-LightItalic.ttf]
[turnerdairy.net/wp-content/themes/turners-dairy/fonts/Sentinel-MediumItalic.woff2]
[turnerdairy.net/wp-content/themes/turners-dairy/fonts/Sentinel-LightItalic.svg]
[turnerdairy.net/wp-content/themes/turners-dairy/fonts/Sentinel-MediumItalic.woff]
[turnerdairy.net/wp-content/themes/turners-dairy/fonts/Sentinel-MediumItalic.ttf]
[turnerdairy.net/wp-content/themes/turners-dairy/fonts/Sentinel-MediumItalic.svg]
[turnerdairy.net/wp-content/themes/turners-dairy/fonts/Sentinel-Bold.woff2]
[turnerdairy.net/wp-content/themes/turners-dairy/fonts/Sentinel-Bold.woff]
[turnerdairy.net/wp-content/themes/turners-dairy/fonts/Sentinel-Bold.ttf]
[turnerdairy.net/wp-content/themes/turners-dairy/fonts/Sentinel-Bold.svg]
[turnerdairy.net/wp-content/themes/turners-dairy/fonts/Sentinel-Light.woff2]
[turnerdairy.net/wp-content/themes/turners-dairy/fonts/Sentinel-Light.woff]
[turnerdairy.net/wp-content/themes/turners-dairy/fonts/Sentinel-Light.ttf]
[turnerdairy.net/wp-content/themes/turners-dairy/fonts/Sentinel-Light.svg]
[turnerdairy.net/wp-content/themes/turners-dairy/fonts/Sentinel-BlackItalic.woff2]
[turnerdairy.net/wp-content/themes/turners-dairy/fonts/Sentinel-BlackItalic.woff]
[turnerdairy.net/wp-content/themes/turners-dairy/fonts/Sentinel-BlackItalic.ttf]
[turnerdairy.net/wp-content/themes/turners-dairy/fonts/Sentinel-BlackItalic.svg]
[turnerdairy.net/wp-content/themes/turners-dairy/assets/images/tan-dots.svg]
[turnerdairy.net/wp-content/themes/turners-dairy/assets/images/red-edge.svg]
[turnerdairy.net/wp-content/themes/turners-dairy/assets/images/white-edge-top.svg]
[turnerdairy.net/wp-content/themes/turners-dairy/assets/images/red-edge-top.svg]
[turnerdairy.net/wp-content/themes/turners-dairy/assets/images/tea-button.svg]
[turnerdairy.net/wp-content/themes/turners-dairy/assets/images/ltd_banner.svg]
[turnerdairy.net/wp-content/themes/turners-dairy/assets/images/find-left.svg]
[turnerdairy.net/wp-content/themes/turners-dairy/assets/images/find-right.svg]
[turnerdairy.net/wp-content/themes/turners-dairy/assets/images/carl.jpg]
[turnerdairy.net/wp-content/themes/turners-dairy/assets/images/tea_left.svg]
[turnerdairy.net/wp-content/themes/turners-dairy/assets/images/tea_right.svg]
[turnerdairy.net/wp-content/themes/turners-dairy/assets/images/cardedge.svg]
[turnerdairy.net/wp-content/themes/turners-dairy/assets/images/pancakes.jpg]
[turnerdairy.net/wp-content/themes/turners-dairy/assets/images/smoothies.jpg]
[turnerdairy.net/wp-content/themes/turners-dairy/assets/images/dots.svg]
[turnerdairy.net/wp-content/themes/turners-dairy/assets/images/pin.svg]
[turnerdairy.net/wp-content/themes/turners-dairy/assets/images/light_perf.svg]
[turnerdairy.net/wp-content/themes/turners-dairy/assets/images/clouds.svg]
[turnerdairy.net/wp-content/themes/turners-dairy/assets/images/banner-slice.svg]
[turnerdairy.net/wp-content/themes/turners-dairy/assets/images/stat-divide.svg]
[turnerdairy.net/wp-content/themes/turners-dairy/assets/down-arrow.svg]
[turnerdairy.net/wp-content/themes/turners-dairy/assets/tea-pattern.svg]
[turnerdairy.net/wp-content/themes/turners-dairy/assets/images/dots-white.svg]
[turnerdairy.net/wp-content/themes/turners-dairy/assets/home/hero-milk-small.png]
[turnerdairy.net/wp-content/themes/turners-dairy/assets/home/hero-tea-small.png]
[turnerdairy.net/wp-content/themes/turners-dairy/style5b21.css]
[turnerdairy.net/wp-content/plugins/woocommerce-product-bundles/assets/fonts/fa-pb83a4.eot]
[turnerdairy.net/wp-content/plugins/woocommerce-product-bundles/assets/fonts/fa-pbd41d.eot]
[turnerdairy.net/wp-content/plugins/woocommerce-product-bundles/assets/fonts/fa-pb83a4.woff2]
[turnerdairy.net/wp-content/plugins/woocommerce-product-bundles/assets/fonts/fa-pb83a4.ttf]
[turnerdairy.net/wp-content/plugins/woocommerce-product-bundles/assets/css/frontend/woocommercea4b3.css]
[turnerdairy.net/wp-content/plugins/woocommerce-product-bundles/assets/fonts/fa-pb83a4.svg]
[use.typekit.net/af/6d4bb2/00000000000000003b9acafc/27/l652f]
[use.typekit.net/af/6d4bb2/00000000000000003b9acafc/27/d652f]
[use.typekit.net/af/6d4bb2/00000000000000003b9acafc/27/a652f]
[use.typekit.net/af/6ce26b/00000000000000003b9acafd/27/le265]
[use.typekit.net/af/6ce26b/00000000000000003b9acafd/27/de265]
[use.typekit.net/af/6ce26b/00000000000000003b9acafd/27/ae265]
[use.typekit.net/af/aa5b59/00000000000000003b9acaf7/27/lfdcc]
[use.typekit.net/af/aa5b59/00000000000000003b9acaf7/27/dfdcc]
[use.typekit.net/af/aa5b59/00000000000000003b9acaf7/27/afdcc]
[use.typekit.net/af/46da36/00000000000000003b9acaf6/27/le196]
[use.typekit.net/af/46da36/00000000000000003b9acaf6/27/de196]
[use.typekit.net/af/46da36/00000000000000003b9acaf6/27/ae196]
[use.typekit.net/af/69b3c5/00000000000000003b9acb0e/27/l652f]
[use.typekit.net/af/69b3c5/00000000000000003b9acb0e/27/d652f]
[use.typekit.net/af/69b3c5/00000000000000003b9acb0e/27/a652f]
[use.typekit.net/af/d99dcd/00000000000000003b9acb0f/27/le265]
[use.typekit.net/af/d99dcd/00000000000000003b9acb0f/27/de265]
[use.typekit.net/af/d99dcd/00000000000000003b9acb0f/27/ae265]
[use.typekit.net/af/4b28f4/00000000000000003b9acb08/27/le196]
[use.typekit.net/af/4b28f4/00000000000000003b9acb08/27/de196]
[use.typekit.net/af/4b28f4/00000000000000003b9acb08/27/ae196]
[use.typekit.net/af/9832ec/00000000000000003b9acb09/27/lfdcc]
[use.typekit.net/af/9832ec/00000000000000003b9acb09/27/dfdcc]
[use.typekit.net/af/9832ec/00000000000000003b9acb09/27/afdcc]
[use.typekit.net/af/c4767b/00000000000000003b9acb20/27/l652f]
[use.typekit.net/af/c4767b/00000000000000003b9acb20/27/d652f]
[use.typekit.net/af/c4767b/00000000000000003b9acb20/27/a652f]
[use.typekit.net/af/289661/00000000000000003b9acb21/27/le265]
[use.typekit.net/af/289661/00000000000000003b9acb21/27/de265]
[use.typekit.net/af/289661/00000000000000003b9acb21/27/ae265]
[use.typekit.net/af/f2b2eb/00000000000000003b9acb1a/27/le196]
[use.typekit.net/af/f2b2eb/00000000000000003b9acb1a/27/de196]
[use.typekit.net/af/f2b2eb/00000000000000003b9acb1a/27/ae196]
[use.typekit.net/af/c830f2/00000000000000003b9acb1b/27/lfdcc]
[use.typekit.net/af/c830f2/00000000000000003b9acb1b/27/dfdcc]
[use.typekit.net/af/c830f2/00000000000000003b9acb1b/27/afdcc]
[use.typekit.net/af/ee7f3d/00000000000000003b9acb33/27/l652f]
[use.typekit.net/af/ee7f3d/00000000000000003b9acb33/27/d652f]
[use.typekit.net/af/ee7f3d/00000000000000003b9acb33/27/a652f]
[use.typekit.net/af/503f80/00000000000000003b9acb34/27/le265]
[use.typekit.net/af/503f80/00000000000000003b9acb34/27/de265]
[use.typekit.net/af/503f80/00000000000000003b9acb34/27/ae265]
[use.typekit.net/af/3f7b4d/00000000000000003b9acb2d/27/le196]
[use.typekit.net/af/3f7b4d/00000000000000003b9acb2d/27/de196]
[use.typekit.net/af/3f7b4d/00000000000000003b9acb2d/27/ae196]
[use.typekit.net/af/761912/00000000000000003b9acb2e/27/lfdcc]
[use.typekit.net/af/761912/00000000000000003b9acb2e/27/dfdcc]
[use.typekit.net/af/761912/00000000000000003b9acb2e/27/afdcc]
[use.typekit.net/af/afebc7/00000000000000003b9acb47/27/l7238]
[use.typekit.net/af/afebc7/00000000000000003b9acb47/27/d7238]
[use.typekit.net/af/afebc7/00000000000000003b9acb47/27/a7238]
[use.typekit.net/af/be1794/00000000000000003b9acb45/27/l652f]
[use.typekit.net/af/be1794/00000000000000003b9acb45/27/d652f]
[use.typekit.net/af/be1794/00000000000000003b9acb45/27/a652f]
[use.typekit.net/af/72fcf6/00000000000000003b9acb46/27/le265]
[use.typekit.net/af/72fcf6/00000000000000003b9acb46/27/de265]
[use.typekit.net/af/72fcf6/00000000000000003b9acb46/27/ae265]
[use.typekit.net/af/e3a744/00000000000000003b9acb3f/27/le196]
[use.typekit.net/af/e3a744/00000000000000003b9acb3f/27/de196]
[use.typekit.net/af/e3a744/00000000000000003b9acb3f/27/ae196]
[use.typekit.net/af/a77ed7/00000000000000003b9acb40/27/lfdcc]
[use.typekit.net/af/a77ed7/00000000000000003b9acb40/27/dfdcc]
[use.typekit.net/af/a77ed7/00000000000000003b9acb40/27/afdcc]
[use.typekit.net/koe2bce.css]
[connect.facebook.net/en_US/fbevents.js]
[turnerdairy.net/wp-content/uploads/2019/06/logo.svg]
[turnerdairy.net/wp-json/wp/v2/pages/8968.json]
[turnerdairy.net/wp-json/oembed/1.0/embed7ddf.json]
[turnerdairy.net/wp-json/oembed/1.0/embed4349]
[turnerdairy.net/wp-content/themes/turners-dairy/page_specific_stylesheets/turners-shop.css]
[turnerdairy.net/wp-content/uploads/2022/09/steel-turn.png]
[turnerdairy.net/product/steelworker-t-shirt/index.html]
[turnerdairy.net/wp-content/uploads/2022/06/crushin-tee.png]
[turnerdairy.net/product/crushin-it-t-shirt/index.html]
[turnerdairy.net/wp-content/uploads/2022/04/turners50_orange.png]
[turnerdairy.net/wp-content/uploads/2022/04/fueling_pgh_orange.png]
[turnerdairy.net/the-shop/index.html]
[turnerdairy.net/careers/index.html]
[turnerdairy.net/wp-content/themes/turners-dairy/assets/images/pa_seal.svg]
[turnerdairy.net/wp-content/themes/turners-dairy/assets/images/more.svg]
[turnerdairy.net/wp-content/themes/turners-dairy/assets/featured-banner.svg]
[turnerdairy.net/wp-content/themes/turners-dairy/assets/images/ltd-logo.svg]
[turnerdairy.net/contest/index.html]
[turnerdairy.net/wp-content/themes/turners-dairy/assets/images/arrow-blue-l.svg]
[turnerdairy.net/wp-content/themes/turners-dairy/assets/images/arrow-blue-r.svg]
[turnerdairy.net/brownie-batter-inception-brownies/index.html]
[turnerdairy.net/perfect-pumpkin-pie/index.html]
[turnerdairy.net/eggnog-pancakes/index.html]
[turnerdairy.net/easy-spinach-and-sausage-quiche/index.html]
[turnerdairy.net/loaded-baked-potato-soup/index.html]
[turnerdairy.net/buttermilk-blueberry-muffins/index.html]
[turnerdairy.net/buttermilk-country-fried-chicken/index.html]
[turnerdairy.net/chocolate-peanut-butter-banana-bread/index.html]
[turnerdairy.net/fresh-ricotta/index.html]
[turnerdairy.net/mama-ts-pasta-sauce/index.html]
[turnerdairy.net/buttermilk-banana-waffles/index.html]
[turnerdairy.net/creamy-chicken-soup/index.html]
[turnerdairy.net/chocolate-strawberry-truffles/index.html]
[turnerdairy.net/chicken-pot-pie/index.html]
[turnerdairy.net/homemade-donuts/index.html]
[turnerdairy.net/maple-sausage-gravy-and-buttermilk-biscuits/index.html]
[turnerdairy.net/udderly-toasted-milk-stout-brownies/index.html]
[turnerdairy.net/yinz-pierogies/index.html]
[turnerdairy.net/iced-tea-lemonade-cupcakes/index.html]
[turnerdairy.net/quiche/index.html]
[turnerdairy.net/tias-apple-cinnamon-pancakes/index.html]
[turnerdairy.net/buttermilk-banana-bread/index.html]
[turnerdairy.net/wp-content/themes/turners-dairy/assets/images/cow.svg]
[turnerdairy.net/wp-content/themes/turners-dairy/assets/images/tealarrow-l.svg]
[turnerdairy.net/wp-content/themes/turners-dairy/assets/images/tealarrow-r.svg]
[turnerdairy.net/wp-content/themes/turners-dairy/assets/images/banner-top.svg]
[turnerdairy.net/wp-content/themes/turners-dairy/assets/images/banner-tip.svg]
[turnerdairy.net/wp-content/uploads/2019/06/farm_to_bottle.svg]
[turnerdairy.net/wp-content/themes/turners-dairy/assets/images/play.svg]
[turnerdairy.net/wp-content/uploads/2019/06/turners-homepage-video-reel-1.html]
[turnerdairy.net/wp-content/themes/turners-dairy/assets/images/farm-icon-white.svg]
[turnerdairy.net/wp-content/themes/turners-dairy/assets/images/left_chevron.svg]
[turnerdairy.net/wp-content/themes/turners-dairy/assets/images/right_chevron.svg]
[turnerdairy.net/wp-content/themes/turners-dairy/assets/images/red-arrow.svg]
[turnerdairy.net/family-farms/pleasant-lane-farms/index.html]
[turnerdairy.net/family-farms/hopeway-dairy/index.html]
[turnerdairy.net/family-farms/lone-oak-farms/index.html]
[turnerdairy.net/family-farms/beiler-family-dairy-farm/index.html]
[turnerdairy.net/wp-content/uploads/2019/06/higher_standard.svg]
[turnerdairy.net/reusable-crates/index.html]
[turnerdairy.net/sustainability-at-turners/index.html]
[turnerdairy.net/turners-shelf-life-extension/index.html]
[turnerdairy.net/pittsburghs-favorite-iced-tea/index.html]
[turnerdairy.net/national-dairy-month/index.html]
[turnerdairy.net/the-story-of-charlie-g-turner/index.html]
[turnerdairy.net/coloring-sheet-turners-farm/index.html]
[turnerdairy.net/coloring-sheet-turners-half-pint/index.html]
[turnerdairy.net/team-members-work-makes-the-dream-work/index.html]
[turnerdairy.net/decades-of-milk-packaging/index.html]
[turnerdairy.net/90th-anniv/index.html]
[turnerdairy.net/turner-dairy-earns-top-dairy-awards/index.html]
[turnerdairy.net/new-look-same-turners/index.html]
[turnerdairy.net/wp-content/themes/turners-dairy/assets/left-arrow.svg]
[turnerdairy.net/wp-content/themes/turners-dairy/assets/right-arrow.svg]
[turnerdairy.net/wp-content/uploads/2019/06/footer-logo.svg]
[turnerdairy.net/business/index.html]
[turnerdairy.net/blog/index.html]
[turnerdairy.net/wp-content/uploads/2019/06/facebook.svg]
[turnerdairy.net/wp-content/uploads/2020/10/instagram-icon2.svg]
[turnerdairy.net/wp-content/uploads/2019/06/twitter.svg]
[turnerdairy.net/wp-content/uploads/2020/11/tiktok-svg.svg]
[cdn.jsdelivr.net/npm/slick-carousel@1.8.1/slick/slick.css]
[turnersdairy.staging.wpengine.com/wp-content/themes/turners-dairy/scripts/quantity-update-ajax.html]
[turnerdairy.net/wp-content/plugins/woocommerce/assets/fonts/star.svg]
[turnerdairy.net/wp-content/plugins/woocommerce/assets/fonts/WooCommerce.svg]
[turnerdairy.net/wp-content/plugins/woocommerce/assets/images/icons/loader.svg]
[turnerdairy.net/wp-content/plugins/woocommerce/assets/images/icons/credit-cards/visa.svg]
[turnerdairy.net/wp-content/plugins/woocommerce/assets/images/icons/credit-cards/mastercard.svg]
[turnerdairy.net/wp-content/plugins/woocommerce/assets/images/icons/credit-cards/laser.svg]
[turnerdairy.net/wp-content/plugins/woocommerce/assets/images/icons/credit-cards/diners.svg]
[turnerdairy.net/wp-content/plugins/woocommerce/assets/images/icons/credit-cards/maestro.svg]
[turnerdairy.net/wp-content/plugins/woocommerce/assets/images/icons/credit-cards/jcb.svg]
[turnerdairy.net/wp-content/plugins/woocommerce/assets/images/icons/credit-cards/amex.svg]
[turnerdairy.net/wp-content/plugins/woocommerce/assets/images/icons/credit-cards/discover.svg]
[turnerdairy.net/wp-content/themes/turners-dairy/fonts/Sentinel-Medium.svg]
[turnerdairy.net/wp-content/themes/turners-dairy/fonts/Sentinel-SemiboldItalic.svg]
[turnerdairy.net/wp-content/themes/turners-dairy/fonts/MorrisSansStd-HeavyCond.svg]
[turnerdairy.net/wp-content/themes/turners-dairy/fonts/Sentinel-BookItalic.svg]
[turnerdairy.net/wp-content/themes/turners-dairy/fonts/Sentinel-Book.svg]
[turnerdairy.net/wp-content/themes/turners-dairy/fonts/Sentinel-BoldItalic.svg]
[turnerdairy.net/wp-content/themes/turners-dairy/fonts/Sentinel-Semibold.svg]
[turnerdairy.net/wp-content/themes/turners-dairy/fonts/Sentinel-Black.svg]
[turnerdairy.net/wp-content/themes/turners-dairy/fonts/Sentinel-LightItalic.svg]
[turnerdairy.net/wp-content/themes/turners-dairy/fonts/Sentinel-MediumItalic.svg]
[turnerdairy.net/wp-content/themes/turners-dairy/fonts/Sentinel-Bold.svg]
[turnerdairy.net/wp-content/themes/turners-dairy/fonts/Sentinel-Light.svg]
[turnerdairy.net/wp-content/themes/turners-dairy/fonts/Sentinel-BlackItalic.svg]
[turnerdairy.net/wp-content/themes/turners-dairy/assets/images/tan-dots.svg]
[turnerdairy.net/wp-content/themes/turners-dairy/assets/images/red-edge.svg]
[turnerdairy.net/wp-content/themes/turners-dairy/assets/images/white-edge-top.svg]
[turnerdairy.net/wp-content/themes/turners-dairy/assets/images/red-edge-top.svg]
[turnerdairy.net/wp-content/themes/turners-dairy/assets/images/tea-button.svg]
[turnerdairy.net/wp-content/themes/turners-dairy/assets/images/ltd_banner.svg]
[turnerdairy.net/wp-content/themes/turners-dairy/assets/images/find-left.svg]
[turnerdairy.net/wp-content/themes/turners-dairy/assets/images/find-right.svg]
[turnerdairy.net/wp-content/themes/turners-dairy/assets/images/tea_left.svg]
[turnerdairy.net/wp-content/themes/turners-dairy/assets/images/tea_right.svg]
[turnerdairy.net/wp-content/themes/turners-dairy/assets/images/cardedge.svg]
[turnerdairy.net/wp-content/themes/turners-dairy/assets/images/dots.svg]
[turnerdairy.net/wp-content/themes/turners-dairy/assets/images/pin.svg]
[turnerdairy.net/wp-content/themes/turners-dairy/assets/images/light_perf.svg]
[turnerdairy.net/wp-content/themes/turners-dairy/assets/images/clouds.svg]
[turnerdairy.net/wp-content/themes/turners-dairy/assets/images/banner-slice.svg]
[turnerdairy.net/wp-content/themes/turners-dairy/assets/images/stat-divide.svg]
[turnerdairy.net/wp-content/themes/turners-dairy/assets/down-arrow.svg]
[turnerdairy.net/wp-content/themes/turners-dairy/assets/tea-pattern.svg]
[turnerdairy.net/wp-content/themes/turners-dairy/assets/images/dots-white.svg]
[turnerdairy.net/wp-content/plugins/woocommerce-product-bundles/assets/fonts/fa-pb83a4.svg]
[p.typekit.net/p82d3.css]
[turnerdairy.net/location/c-w-meats/index.html]
[turnerdairy.net/location/b-k-farm-market-iii/index.html]
[turnerdairy.net/indexb96e.html]
[turnerdairy.net/wp-content/themes/turners-dairy/page_specific_stylesheets/turners-shop.css]
[turnerdairy.net/product/steelworker-t-shirt/index.html]
[turnerdairy.net/product/crushin-it-t-shirt/index.html]
[turnerdairy.net/product/50th-anniversary-t-shirt/index.html]
[turnerdairy.net/product/50th-anniversary-t-shirt/index.html]
[turnerdairy.net/product/fueling-pa/index.html]
[turnerdairy.net/product/fueling-pa/index.html]
